2026-06-02 16:23:50 [@DESKTOP-HD37PNR]
Interne #1 : Démarrage contract
2026-06-02 16:24:10 [@DESKTOP-HD37PNR]
Interne #1 : Démarrage infocom
2026-06-02 16:24:15 [@DESKTOP-HD37PNR]
Interne #1 : Démarrage mailgate
2026-06-02 16:28:27 [@DESKTOP-HD37PNR]
Interne #1 : Démarrage session
2026-06-02 16:29:05 [@DESKTOP-HD37PNR]
Interne #1 : Démarrage graph
2026-06-02 16:44:20 [@DESKTOP-HD37PNR]
Interne #1 : Démarrage reservation
2026-06-02 17:02:06 [@DESKTOP-HD37PNR]
Interne #1 : Démarrage closeticket
2026-06-03 07:05:16 [@DESKTOP-HD37PNR]
Interne #1 : Démarrage alertnotclosed
2026-06-03 07:13:52 [@DESKTOP-HD37PNR]
Interne #1 : Démarrage slaticket
2026-06-03 07:19:19 [@DESKTOP-HD37PNR]
Interne #1 : Démarrage createinquest
2026-06-03 07:25:12 [@DESKTOP-HD37PNR]
Interne #1 : Démarrage watcher
2026-06-03 07:26:39 [@DESKTOP-HD37PNR]
Interne #1 : Démarrage RecurrentItems
2026-06-03 07:32:31 [@DESKTOP-HD37PNR]
Interne #1 : Démarrage planningrecall
2026-06-03 07:36:15 [@DESKTOP-HD37PNR]
Interne #1 : Démarrage queuednotification
2026-06-03 07:38:02 [@DESKTOP-HD37PNR]
Interne #1 : Démarrage temp
2026-06-03 07:44:44 [@DESKTOP-HD37PNR]
Interne #1 : Démarrage mailgateerror
2026-06-03 07:50:19 [@DESKTOP-HD37PNR]
Interne #1 : Démarrage certificate
2026-06-03 08:01:00 [@DESKTOP-HD37PNR]
Interne #1 : Démarrage olaticket
2026-06-03 08:17:28 [@DESKTOP-HD37PNR]
Interne #1 : Démarrage mailgate
2026-06-03 08:23:47 [@DESKTOP-HD37PNR]
Interne #1 : Démarrage graph
2026-06-03 08:30:01 [@DESKTOP-HD37PNR]
Interne #1 : Démarrage reservation
2026-06-03 08:57:10 [@DESKTOP-HD37PNR]
Interne #1 : Démarrage closeticket
2026-06-03 09:02:12 [@DESKTOP-HD37PNR]
Interne #1 : Démarrage slaticket
2026-06-03 09:07:32 [@DESKTOP-HD37PNR]
Interne #1 : Démarrage planningrecall
2026-06-03 09:12:35 [@DESKTOP-HD37PNR]
Interne #1 : Démarrage queuednotification
