[2026-06-02 10:52:45] glpi.WARNING:   *** Test logger
[2026-06-02 11:32:57] glpi.WARNING:   *** Test logger
[2026-06-02 16:17:52] glpi.WARNING:   *** Test logger
[2026-06-02 16:18:28] glpi.WARNING:   *** Test logger
[2026-06-03 07:27:47] glpi.WARNING:   *** Test logger
[2026-06-03 07:38:14] glpi.WARNING:   *** Test logger
[2026-06-03 07:43:04] glpi.WARNING:   *** Test logger
[2026-06-03 08:02:13] glpi.WARNING:   *** Test logger
[2026-06-03 08:02:20] glpi.ERROR:   *** SSL certificate problem: unable to get local issuer certificate
  Backtrace :
  ...achine\safe\lib\Exceptions\CurlException.php:12 
  ...thecodingmachine\safe\generated\8.3\curl.php:67 Safe\Exceptions\CurlException::createFromPhpError()
  .\src\Toolbox.php:1501                             Safe\curl_exec()
  .\src\Toolbox.php:1387                             Toolbox::doCallCurl()
  .\src\GLPINetwork.php:303                          Toolbox::callCurl()
  .\src\GLPINetwork.php:96                           GLPINetwork::isServicesAvailable()
  .\src\GLPINetwork.php:65                           GLPINetwork::showForConfig()
  .\src\CommonGLPI.php:717                           GLPINetwork::displayTabContentForItem()
  .\ajax\common.tabs.php:108                         CommonGLPI::displayStandardTab()
  ...Glpi\Controller\LegacyFileLoadController.php:64 require()
  .\vendor\symfony\http-kernel\HttpKernel.php:181    Glpi\Controller\LegacyFileLoadController->__invoke()
  .\vendor\symfony\http-kernel\HttpKernel.php:76     Symfony\Component\HttpKernel\HttpKernel->handleRaw()
  .\vendor\symfony\http-kernel\Kernel.php:208        Symfony\Component\HttpKernel\HttpKernel->handle()
  .\public\index.php:71                              Symfony\Component\HttpKernel\Kernel->handle()

[2026-06-03 08:33:12] glpi.WARNING:   *** User Warning: Unable to extract nonce from string. It may not have been crypted with sodium functions. at GLPIKey.php line 491
  Backtrace :
  .\src\GLPIKey.php:491                              
  .\src\Glpi\Api\APIRest.php:623                     GLPIKey->decrypt()
  .\src\Glpi\Api\APIRest.php:150                     Glpi\Api\APIRest->parseIncomingParams()
  .\src\Glpi\Controller\ApiRestController.php:59     Glpi\Api\APIRest->call()
  .\vendor\symfony\http-kernel\HttpKernel.php:101    Glpi\Controller\ApiRestController->Glpi\Controller\{closure}()
  ...ymfony\http-foundation\StreamedResponse.php:106 Symfony\Component\HttpKernel\HttpKernel::Symfony\Component\HttpKernel\{closure}()
  .\vendor\symfony\http-foundation\Response.php:423  Symfony\Component\HttpFoundation\StreamedResponse->sendContent()
  .\src\Glpi\Kernel\Kernel.php:295                   Symfony\Component\HttpFoundation\Response->send()
  .\public\index.php:73                              Glpi\Kernel\Kernel->sendResponse()

[2026-06-08 09:41:38] glpi.WARNING:   *** Warning: Array to string conversion at DBmysql.php line 374
  Backtrace :
  .\src\DBmysql.php:374                              
  .\src\DBmysql.php:1317                             DBmysql->escape()
  .\src\DBmysql.php:1352                             DBmysql::quoteValue()
  .\src\DBmysql.php:1378                             DBmysql->buildInsert()
  .\src\CommonDBTM.php:778                           DBmysql->insert()
  .\src\CommonDBTM.php:1382                          CommonDBTM->addToDB()
  .\src\Glpi\Api\API.php:1940                        CommonDBTM->add()
  .\src\Glpi\Api\APIRest.php:347                     Glpi\Api\API->createItems()
  .\src\Glpi\Controller\ApiRestController.php:59     Glpi\Api\APIRest->call()
  .\vendor\symfony\http-kernel\HttpKernel.php:101    Glpi\Controller\ApiRestController->Glpi\Controller\{closure}()
  ...ymfony\http-foundation\StreamedResponse.php:106 Symfony\Component\HttpKernel\HttpKernel::Symfony\Component\HttpKernel\{closure}()
  .\vendor\symfony\http-foundation\Response.php:423  Symfony\Component\HttpFoundation\StreamedResponse->sendContent()
  .\src\Glpi\Kernel\Kernel.php:295                   Symfony\Component\HttpFoundation\Response->send()
  .\public\index.php:73                              Glpi\Kernel\Kernel->sendResponse()

[2026-06-08 09:41:38] glpi.WARNING:   *** User Warning: MySQL query warnings:
  SQL: INSERT INTO `glpi_tickets` (`date`, `type`, `name`, `content`, `status`, `priority`, `entities_id`, `urgency`, `impact`, `users_id_lastupdater`, `users_id_recipient`, `itilcategories_id`, `requesttypes_id`, `global_validation`, `date_creation`, `date_mod`) VALUES ('2026-06-08 09:41:38', '1', '2026-06-07T12:41', '1', '3', 'Array', '0', '3', '3', '2', '2', '0', '1', '1', '2026-06-08 09:41:38', '2026-06-08 09:41:38')
  Warnings: 
1366: Incorrect integer value: 'Array' for column 'priority' at row 1 at DBmysql.php line 444
  Backtrace :
  .\src\DBmysql.php:444                              
  .\src\DBmysql.php:1377                             DBmysql->doQuery()
  .\src\CommonDBTM.php:778                           DBmysql->insert()
  .\src\CommonDBTM.php:1382                          CommonDBTM->addToDB()
  .\src\Glpi\Api\API.php:1940                        CommonDBTM->add()
  .\src\Glpi\Api\APIRest.php:347                     Glpi\Api\API->createItems()
  .\src\Glpi\Controller\ApiRestController.php:59     Glpi\Api\APIRest->call()
  .\vendor\symfony\http-kernel\HttpKernel.php:101    Glpi\Controller\ApiRestController->Glpi\Controller\{closure}()
  ...ymfony\http-foundation\StreamedResponse.php:106 Symfony\Component\HttpKernel\HttpKernel::Symfony\Component\HttpKernel\{closure}()
  .\vendor\symfony\http-foundation\Response.php:423  Symfony\Component\HttpFoundation\StreamedResponse->sendContent()
  .\src\Glpi\Kernel\Kernel.php:295                   Symfony\Component\HttpFoundation\Response->send()
  .\public\index.php:73                              Glpi\Kernel\Kernel->sendResponse()

[2026-06-08 09:41:50] glpi.WARNING:   *** Warning: Undefined array key "glpipriority_0" at SQLProvider.php line 6456
  Backtrace :
  .\src\Glpi\Search\Provider\SQLProvider.php:6456    
  .\src\Glpi\Search\Provider\SQLProvider.php:5360    Glpi\Search\Provider\SQLProvider::giveItem()
  .\src\Glpi\Search\SearchEngine.php:678             Glpi\Search\Provider\SQLProvider::constructData()
  .\src\Glpi\Search\SearchEngine.php:693             Glpi\Search\SearchEngine::getData()
  .\src\Glpi\Search\SearchEngine.php:650             Glpi\Search\SearchEngine::showOutput()
  .\src\Search.php:169                               Glpi\Search\SearchEngine::show()
  .\front\ticket.php:56                              Search::show()
  ...Glpi\Controller\LegacyFileLoadController.php:64 require()
  .\vendor\symfony\http-kernel\HttpKernel.php:181    Glpi\Controller\LegacyFileLoadController->__invoke()
  .\vendor\symfony\http-kernel\HttpKernel.php:76     Symfony\Component\HttpKernel\HttpKernel->handleRaw()
  .\vendor\symfony\http-kernel\Kernel.php:208        Symfony\Component\HttpKernel\HttpKernel->handle()
  .\public\index.php:71                              Symfony\Component\HttpKernel\Kernel->handle()

[2026-06-08 09:42:31] glpi.WARNING:   *** Warning: Undefined array key "glpipriority_0" at SQLProvider.php line 6456
  Backtrace :
  .\src\Glpi\Search\Provider\SQLProvider.php:6456    
  .\src\Glpi\Search\Provider\SQLProvider.php:5360    Glpi\Search\Provider\SQLProvider::giveItem()
  .\src\Glpi\Search\SearchEngine.php:678             Glpi\Search\Provider\SQLProvider::constructData()
  .\src\Glpi\Search\SearchEngine.php:693             Glpi\Search\SearchEngine::getData()
  .\src\Glpi\Search\SearchEngine.php:650             Glpi\Search\SearchEngine::showOutput()
  .\src\Search.php:169                               Glpi\Search\SearchEngine::show()
  .\front\ticket.php:56                              Search::show()
  ...Glpi\Controller\LegacyFileLoadController.php:64 require()
  .\vendor\symfony\http-kernel\HttpKernel.php:181    Glpi\Controller\LegacyFileLoadController->__invoke()
  .\vendor\symfony\http-kernel\HttpKernel.php:76     Symfony\Component\HttpKernel\HttpKernel->handleRaw()
  .\vendor\symfony\http-kernel\Kernel.php:208        Symfony\Component\HttpKernel\HttpKernel->handle()
  .\public\index.php:71                              Symfony\Component\HttpKernel\Kernel->handle()

[2026-06-08 09:47:35] glpi.WARNING:   *** Warning: Undefined array key "glpipriority_0" at SQLProvider.php line 6456
  Backtrace :
  .\src\Glpi\Search\Provider\SQLProvider.php:6456    
  .\src\Glpi\Search\Provider\SQLProvider.php:5360    Glpi\Search\Provider\SQLProvider::giveItem()
  .\src\Glpi\Search\SearchEngine.php:678             Glpi\Search\Provider\SQLProvider::constructData()
  .\src\Glpi\Search\SearchEngine.php:693             Glpi\Search\SearchEngine::getData()
  .\src\Glpi\Search\SearchEngine.php:650             Glpi\Search\SearchEngine::showOutput()
  .\src\Search.php:169                               Glpi\Search\SearchEngine::show()
  .\front\ticket.php:56                              Search::show()
  ...Glpi\Controller\LegacyFileLoadController.php:64 require()
  .\vendor\symfony\http-kernel\HttpKernel.php:181    Glpi\Controller\LegacyFileLoadController->__invoke()
  .\vendor\symfony\http-kernel\HttpKernel.php:76     Symfony\Component\HttpKernel\HttpKernel->handleRaw()
  .\vendor\symfony\http-kernel\Kernel.php:208        Symfony\Component\HttpKernel\HttpKernel->handle()
  .\public\index.php:71                              Symfony\Component\HttpKernel\Kernel->handle()

[2026-06-08 10:56:32] glpi.WARNING:   *** Warning: Undefined array key "glpipriority_0" at SQLProvider.php line 6456
  Backtrace :
  .\src\Glpi\Search\Provider\SQLProvider.php:6456    
  .\src\Glpi\Search\Provider\SQLProvider.php:5360    Glpi\Search\Provider\SQLProvider::giveItem()
  .\src\Glpi\Search\SearchEngine.php:678             Glpi\Search\Provider\SQLProvider::constructData()
  .\src\Glpi\Search\SearchEngine.php:693             Glpi\Search\SearchEngine::getData()
  .\src\Glpi\Search\SearchEngine.php:650             Glpi\Search\SearchEngine::showOutput()
  .\src\Search.php:169                               Glpi\Search\SearchEngine::show()
  .\front\ticket.php:56                              Search::show()
  ...Glpi\Controller\LegacyFileLoadController.php:64 require()
  .\vendor\symfony\http-kernel\HttpKernel.php:181    Glpi\Controller\LegacyFileLoadController->__invoke()
  .\vendor\symfony\http-kernel\HttpKernel.php:76     Symfony\Component\HttpKernel\HttpKernel->handleRaw()
  .\vendor\symfony\http-kernel\Kernel.php:208        Symfony\Component\HttpKernel\HttpKernel->handle()
  .\public\index.php:71                              Symfony\Component\HttpKernel\Kernel->handle()

[2026-06-08 13:30:47] glpi.WARNING:   *** Warning: Undefined array key "glpipriority_0" at SQLProvider.php line 6456
  Backtrace :
  .\src\Glpi\Search\Provider\SQLProvider.php:6456    
  .\src\Glpi\Search\Provider\SQLProvider.php:5360    Glpi\Search\Provider\SQLProvider::giveItem()
  .\src\Glpi\Search\SearchEngine.php:678             Glpi\Search\Provider\SQLProvider::constructData()
  .\src\Glpi\Search\SearchEngine.php:693             Glpi\Search\SearchEngine::getData()
  .\src\Glpi\Search\SearchEngine.php:650             Glpi\Search\SearchEngine::showOutput()
  .\src\Search.php:169                               Glpi\Search\SearchEngine::show()
  .\front\ticket.php:56                              Search::show()
  ...Glpi\Controller\LegacyFileLoadController.php:64 require()
  .\vendor\symfony\http-kernel\HttpKernel.php:181    Glpi\Controller\LegacyFileLoadController->__invoke()
  .\vendor\symfony\http-kernel\HttpKernel.php:76     Symfony\Component\HttpKernel\HttpKernel->handleRaw()
  .\vendor\symfony\http-kernel\Kernel.php:208        Symfony\Component\HttpKernel\HttpKernel->handle()
  .\public\index.php:71                              Symfony\Component\HttpKernel\Kernel->handle()

[2026-06-08 13:31:28] glpi.WARNING:   *** Warning: Undefined array key "glpipriority_0" at SQLProvider.php line 6456
  Backtrace :
  .\src\Glpi\Search\Provider\SQLProvider.php:6456    
  .\src\Glpi\Search\Provider\SQLProvider.php:5360    Glpi\Search\Provider\SQLProvider::giveItem()
  .\src\Glpi\Search\SearchEngine.php:678             Glpi\Search\Provider\SQLProvider::constructData()
  .\src\Glpi\Search\SearchEngine.php:693             Glpi\Search\SearchEngine::getData()
  .\src\Glpi\Search\SearchEngine.php:650             Glpi\Search\SearchEngine::showOutput()
  .\src\Search.php:169                               Glpi\Search\SearchEngine::show()
  .\front\ticket.php:56                              Search::show()
  ...Glpi\Controller\LegacyFileLoadController.php:64 require()
  .\vendor\symfony\http-kernel\HttpKernel.php:181    Glpi\Controller\LegacyFileLoadController->__invoke()
  .\vendor\symfony\http-kernel\HttpKernel.php:76     Symfony\Component\HttpKernel\HttpKernel->handleRaw()
  .\vendor\symfony\http-kernel\Kernel.php:208        Symfony\Component\HttpKernel\HttpKernel->handle()
  .\public\index.php:71                              Symfony\Component\HttpKernel\Kernel->handle()

[2026-06-08 13:33:40] glpi.WARNING:   *** Warning: Undefined array key "glpipriority_0" at SQLProvider.php line 6456
  Backtrace :
  .\src\Glpi\Search\Provider\SQLProvider.php:6456    
  .\src\Glpi\Search\Provider\SQLProvider.php:5360    Glpi\Search\Provider\SQLProvider::giveItem()
  .\src\Glpi\Search\SearchEngine.php:678             Glpi\Search\Provider\SQLProvider::constructData()
  .\src\Glpi\Search\SearchEngine.php:693             Glpi\Search\SearchEngine::getData()
  .\src\Glpi\Search\SearchEngine.php:650             Glpi\Search\SearchEngine::showOutput()
  .\src\Search.php:169                               Glpi\Search\SearchEngine::show()
  .\front\ticket.php:56                              Search::show()
  ...Glpi\Controller\LegacyFileLoadController.php:64 require()
  .\vendor\symfony\http-kernel\HttpKernel.php:181    Glpi\Controller\LegacyFileLoadController->__invoke()
  .\vendor\symfony\http-kernel\HttpKernel.php:76     Symfony\Component\HttpKernel\HttpKernel->handleRaw()
  .\vendor\symfony\http-kernel\Kernel.php:208        Symfony\Component\HttpKernel\HttpKernel->handle()
  .\public\index.php:71                              Symfony\Component\HttpKernel\Kernel->handle()

[2026-06-09 11:27:46] glpi.CRITICAL:   *** Uncaught PHP Exception Error: "Attempt to assign property "_filename" on array" at APIRest.php line 566
  Backtrace :
  .\src\Glpi\Api\APIRest.php:566                     
  .\src\Glpi\Api\APIRest.php:150                     Glpi\Api\APIRest->parseIncomingParams()
  .\src\Glpi\Controller\ApiRestController.php:59     Glpi\Api\APIRest->call()
  .\vendor\symfony\http-kernel\HttpKernel.php:101    Glpi\Controller\ApiRestController->Glpi\Controller\{closure}()
  ...ymfony\http-foundation\StreamedResponse.php:106 Symfony\Component\HttpKernel\HttpKernel::Symfony\Component\HttpKernel\{closure}()
  .\vendor\symfony\http-foundation\Response.php:423  Symfony\Component\HttpFoundation\StreamedResponse->sendContent()
  .\src\Glpi\Kernel\Kernel.php:295                   Symfony\Component\HttpFoundation\Response->send()
  .\public\index.php:73                              Glpi\Kernel\Kernel->sendResponse()

[2026-06-09 11:27:47] glpi.CRITICAL:   *** Uncaught PHP Exception Error: "Attempt to assign property "_filename" on array" at APIRest.php line 566
  Backtrace :
  .\src\Glpi\Api\APIRest.php:566                     
  .\src\Glpi\Api\APIRest.php:150                     Glpi\Api\APIRest->parseIncomingParams()
  .\src\Glpi\Controller\ApiRestController.php:59     Glpi\Api\APIRest->call()
  .\vendor\symfony\http-kernel\HttpKernel.php:101    Glpi\Controller\ApiRestController->Glpi\Controller\{closure}()
  ...ymfony\http-foundation\StreamedResponse.php:106 Symfony\Component\HttpKernel\HttpKernel::Symfony\Component\HttpKernel\{closure}()
  .\vendor\symfony\http-foundation\Response.php:423  Symfony\Component\HttpFoundation\StreamedResponse->sendContent()
  .\src\Glpi\Kernel\Kernel.php:295                   Symfony\Component\HttpFoundation\Response->send()
  .\public\index.php:73                              Glpi\Kernel\Kernel->sendResponse()

[2026-06-09 11:27:47] glpi.CRITICAL:   *** Uncaught PHP Exception Error: "Attempt to assign property "_filename" on array" at APIRest.php line 566
  Backtrace :
  .\src\Glpi\Api\APIRest.php:566                     
  .\src\Glpi\Api\APIRest.php:150                     Glpi\Api\APIRest->parseIncomingParams()
  .\src\Glpi\Controller\ApiRestController.php:59     Glpi\Api\APIRest->call()
  .\vendor\symfony\http-kernel\HttpKernel.php:101    Glpi\Controller\ApiRestController->Glpi\Controller\{closure}()
  ...ymfony\http-foundation\StreamedResponse.php:106 Symfony\Component\HttpKernel\HttpKernel::Symfony\Component\HttpKernel\{closure}()
  .\vendor\symfony\http-foundation\Response.php:423  Symfony\Component\HttpFoundation\StreamedResponse->sendContent()
  .\src\Glpi\Kernel\Kernel.php:295                   Symfony\Component\HttpFoundation\Response->send()
  .\public\index.php:73                              Glpi\Kernel\Kernel->sendResponse()

[2026-06-09 11:27:47] glpi.CRITICAL:   *** Uncaught PHP Exception Error: "Attempt to assign property "_filename" on array" at APIRest.php line 566
  Backtrace :
  .\src\Glpi\Api\APIRest.php:566                     
  .\src\Glpi\Api\APIRest.php:150                     Glpi\Api\APIRest->parseIncomingParams()
  .\src\Glpi\Controller\ApiRestController.php:59     Glpi\Api\APIRest->call()
  .\vendor\symfony\http-kernel\HttpKernel.php:101    Glpi\Controller\ApiRestController->Glpi\Controller\{closure}()
  ...ymfony\http-foundation\StreamedResponse.php:106 Symfony\Component\HttpKernel\HttpKernel::Symfony\Component\HttpKernel\{closure}()
  .\vendor\symfony\http-foundation\Response.php:423  Symfony\Component\HttpFoundation\StreamedResponse->sendContent()
  .\src\Glpi\Kernel\Kernel.php:295                   Symfony\Component\HttpFoundation\Response->send()
  .\public\index.php:73                              Glpi\Kernel\Kernel->sendResponse()

[2026-06-09 11:39:34] glpi.CRITICAL:   *** Uncaught PHP Exception Error: "Attempt to assign property "_filename" on array" at APIRest.php line 566
  Backtrace :
  .\src\Glpi\Api\APIRest.php:566                     
  .\src\Glpi\Api\APIRest.php:150                     Glpi\Api\APIRest->parseIncomingParams()
  .\src\Glpi\Controller\ApiRestController.php:59     Glpi\Api\APIRest->call()
  .\vendor\symfony\http-kernel\HttpKernel.php:101    Glpi\Controller\ApiRestController->Glpi\Controller\{closure}()
  ...ymfony\http-foundation\StreamedResponse.php:106 Symfony\Component\HttpKernel\HttpKernel::Symfony\Component\HttpKernel\{closure}()
  .\vendor\symfony\http-foundation\Response.php:423  Symfony\Component\HttpFoundation\StreamedResponse->sendContent()
  .\src\Glpi\Kernel\Kernel.php:295                   Symfony\Component\HttpFoundation\Response->send()
  .\public\index.php:73                              Glpi\Kernel\Kernel->sendResponse()

[2026-06-09 11:39:35] glpi.CRITICAL:   *** Uncaught PHP Exception Error: "Attempt to assign property "_filename" on array" at APIRest.php line 566
  Backtrace :
  .\src\Glpi\Api\APIRest.php:566                     
  .\src\Glpi\Api\APIRest.php:150                     Glpi\Api\APIRest->parseIncomingParams()
  .\src\Glpi\Controller\ApiRestController.php:59     Glpi\Api\APIRest->call()
  .\vendor\symfony\http-kernel\HttpKernel.php:101    Glpi\Controller\ApiRestController->Glpi\Controller\{closure}()
  ...ymfony\http-foundation\StreamedResponse.php:106 Symfony\Component\HttpKernel\HttpKernel::Symfony\Component\HttpKernel\{closure}()
  .\vendor\symfony\http-foundation\Response.php:423  Symfony\Component\HttpFoundation\StreamedResponse->sendContent()
  .\src\Glpi\Kernel\Kernel.php:295                   Symfony\Component\HttpFoundation\Response->send()
  .\public\index.php:73                              Glpi\Kernel\Kernel->sendResponse()

[2026-06-09 11:39:35] glpi.CRITICAL:   *** Uncaught PHP Exception Error: "Attempt to assign property "_filename" on array" at APIRest.php line 566
  Backtrace :
  .\src\Glpi\Api\APIRest.php:566                     
  .\src\Glpi\Api\APIRest.php:150                     Glpi\Api\APIRest->parseIncomingParams()
  .\src\Glpi\Controller\ApiRestController.php:59     Glpi\Api\APIRest->call()
  .\vendor\symfony\http-kernel\HttpKernel.php:101    Glpi\Controller\ApiRestController->Glpi\Controller\{closure}()
  ...ymfony\http-foundation\StreamedResponse.php:106 Symfony\Component\HttpKernel\HttpKernel::Symfony\Component\HttpKernel\{closure}()
  .\vendor\symfony\http-foundation\Response.php:423  Symfony\Component\HttpFoundation\StreamedResponse->sendContent()
  .\src\Glpi\Kernel\Kernel.php:295                   Symfony\Component\HttpFoundation\Response->send()
  .\public\index.php:73                              Glpi\Kernel\Kernel->sendResponse()

[2026-06-09 11:39:36] glpi.CRITICAL:   *** Uncaught PHP Exception Error: "Attempt to assign property "_filename" on array" at APIRest.php line 566
  Backtrace :
  .\src\Glpi\Api\APIRest.php:566                     
  .\src\Glpi\Api\APIRest.php:150                     Glpi\Api\APIRest->parseIncomingParams()
  .\src\Glpi\Controller\ApiRestController.php:59     Glpi\Api\APIRest->call()
  .\vendor\symfony\http-kernel\HttpKernel.php:101    Glpi\Controller\ApiRestController->Glpi\Controller\{closure}()
  ...ymfony\http-foundation\StreamedResponse.php:106 Symfony\Component\HttpKernel\HttpKernel::Symfony\Component\HttpKernel\{closure}()
  .\vendor\symfony\http-foundation\Response.php:423  Symfony\Component\HttpFoundation\StreamedResponse->sendContent()
  .\src\Glpi\Kernel\Kernel.php:295                   Symfony\Component\HttpFoundation\Response->send()
  .\public\index.php:73                              Glpi\Kernel\Kernel->sendResponse()

[2026-06-09 11:44:36] glpi.CRITICAL:   *** Uncaught PHP Exception Error: "Attempt to assign property "_filename" on array" at APIRest.php line 566
  Backtrace :
  .\src\Glpi\Api\APIRest.php:566                     
  .\src\Glpi\Api\APIRest.php:150                     Glpi\Api\APIRest->parseIncomingParams()
  .\src\Glpi\Controller\ApiRestController.php:59     Glpi\Api\APIRest->call()
  .\vendor\symfony\http-kernel\HttpKernel.php:101    Glpi\Controller\ApiRestController->Glpi\Controller\{closure}()
  ...ymfony\http-foundation\StreamedResponse.php:106 Symfony\Component\HttpKernel\HttpKernel::Symfony\Component\HttpKernel\{closure}()
  .\vendor\symfony\http-foundation\Response.php:423  Symfony\Component\HttpFoundation\StreamedResponse->sendContent()
  .\src\Glpi\Kernel\Kernel.php:295                   Symfony\Component\HttpFoundation\Response->send()
  .\public\index.php:73                              Glpi\Kernel\Kernel->sendResponse()

[2026-06-09 11:44:37] glpi.CRITICAL:   *** Uncaught PHP Exception Error: "Attempt to assign property "_filename" on array" at APIRest.php line 566
  Backtrace :
  .\src\Glpi\Api\APIRest.php:566                     
  .\src\Glpi\Api\APIRest.php:150                     Glpi\Api\APIRest->parseIncomingParams()
  .\src\Glpi\Controller\ApiRestController.php:59     Glpi\Api\APIRest->call()
  .\vendor\symfony\http-kernel\HttpKernel.php:101    Glpi\Controller\ApiRestController->Glpi\Controller\{closure}()
  ...ymfony\http-foundation\StreamedResponse.php:106 Symfony\Component\HttpKernel\HttpKernel::Symfony\Component\HttpKernel\{closure}()
  .\vendor\symfony\http-foundation\Response.php:423  Symfony\Component\HttpFoundation\StreamedResponse->sendContent()
  .\src\Glpi\Kernel\Kernel.php:295                   Symfony\Component\HttpFoundation\Response->send()
  .\public\index.php:73                              Glpi\Kernel\Kernel->sendResponse()

[2026-06-09 11:44:38] glpi.CRITICAL:   *** Uncaught PHP Exception Error: "Attempt to assign property "_filename" on array" at APIRest.php line 566
  Backtrace :
  .\src\Glpi\Api\APIRest.php:566                     
  .\src\Glpi\Api\APIRest.php:150                     Glpi\Api\APIRest->parseIncomingParams()
  .\src\Glpi\Controller\ApiRestController.php:59     Glpi\Api\APIRest->call()
  .\vendor\symfony\http-kernel\HttpKernel.php:101    Glpi\Controller\ApiRestController->Glpi\Controller\{closure}()
  ...ymfony\http-foundation\StreamedResponse.php:106 Symfony\Component\HttpKernel\HttpKernel::Symfony\Component\HttpKernel\{closure}()
  .\vendor\symfony\http-foundation\Response.php:423  Symfony\Component\HttpFoundation\StreamedResponse->sendContent()
  .\src\Glpi\Kernel\Kernel.php:295                   Symfony\Component\HttpFoundation\Response->send()
  .\public\index.php:73                              Glpi\Kernel\Kernel->sendResponse()

[2026-06-09 11:44:38] glpi.CRITICAL:   *** Uncaught PHP Exception Error: "Attempt to assign property "_filename" on array" at APIRest.php line 566
  Backtrace :
  .\src\Glpi\Api\APIRest.php:566                     
  .\src\Glpi\Api\APIRest.php:150                     Glpi\Api\APIRest->parseIncomingParams()
  .\src\Glpi\Controller\ApiRestController.php:59     Glpi\Api\APIRest->call()
  .\vendor\symfony\http-kernel\HttpKernel.php:101    Glpi\Controller\ApiRestController->Glpi\Controller\{closure}()
  ...ymfony\http-foundation\StreamedResponse.php:106 Symfony\Component\HttpKernel\HttpKernel::Symfony\Component\HttpKernel\{closure}()
  .\vendor\symfony\http-foundation\Response.php:423  Symfony\Component\HttpFoundation\StreamedResponse->sendContent()
  .\src\Glpi\Kernel\Kernel.php:295                   Symfony\Component\HttpFoundation\Response->send()
  .\public\index.php:73                              Glpi\Kernel\Kernel->sendResponse()

[2026-06-09 13:02:57] glpi.CRITICAL:   *** Uncaught PHP Exception Error: "Attempt to assign property "_filename" on array" at APIRest.php line 566
  Backtrace :
  .\src\Glpi\Api\APIRest.php:566                     
  .\src\Glpi\Api\APIRest.php:150                     Glpi\Api\APIRest->parseIncomingParams()
  .\src\Glpi\Controller\ApiRestController.php:59     Glpi\Api\APIRest->call()
  .\vendor\symfony\http-kernel\HttpKernel.php:101    Glpi\Controller\ApiRestController->Glpi\Controller\{closure}()
  ...ymfony\http-foundation\StreamedResponse.php:106 Symfony\Component\HttpKernel\HttpKernel::Symfony\Component\HttpKernel\{closure}()
  .\vendor\symfony\http-foundation\Response.php:423  Symfony\Component\HttpFoundation\StreamedResponse->sendContent()
  .\src\Glpi\Kernel\Kernel.php:295                   Symfony\Component\HttpFoundation\Response->send()
  .\public\index.php:73                              Glpi\Kernel\Kernel->sendResponse()

[2026-06-09 13:02:59] glpi.CRITICAL:   *** Uncaught PHP Exception Error: "Attempt to assign property "_filename" on array" at APIRest.php line 566
  Backtrace :
  .\src\Glpi\Api\APIRest.php:566                     
  .\src\Glpi\Api\APIRest.php:150                     Glpi\Api\APIRest->parseIncomingParams()
  .\src\Glpi\Controller\ApiRestController.php:59     Glpi\Api\APIRest->call()
  .\vendor\symfony\http-kernel\HttpKernel.php:101    Glpi\Controller\ApiRestController->Glpi\Controller\{closure}()
  ...ymfony\http-foundation\StreamedResponse.php:106 Symfony\Component\HttpKernel\HttpKernel::Symfony\Component\HttpKernel\{closure}()
  .\vendor\symfony\http-foundation\Response.php:423  Symfony\Component\HttpFoundation\StreamedResponse->sendContent()
  .\src\Glpi\Kernel\Kernel.php:295                   Symfony\Component\HttpFoundation\Response->send()
  .\public\index.php:73                              Glpi\Kernel\Kernel->sendResponse()

[2026-06-09 13:03:01] glpi.CRITICAL:   *** Uncaught PHP Exception Error: "Attempt to assign property "_filename" on array" at APIRest.php line 566
  Backtrace :
  .\src\Glpi\Api\APIRest.php:566                     
  .\src\Glpi\Api\APIRest.php:150                     Glpi\Api\APIRest->parseIncomingParams()
  .\src\Glpi\Controller\ApiRestController.php:59     Glpi\Api\APIRest->call()
  .\vendor\symfony\http-kernel\HttpKernel.php:101    Glpi\Controller\ApiRestController->Glpi\Controller\{closure}()
  ...ymfony\http-foundation\StreamedResponse.php:106 Symfony\Component\HttpKernel\HttpKernel::Symfony\Component\HttpKernel\{closure}()
  .\vendor\symfony\http-foundation\Response.php:423  Symfony\Component\HttpFoundation\StreamedResponse->sendContent()
  .\src\Glpi\Kernel\Kernel.php:295                   Symfony\Component\HttpFoundation\Response->send()
  .\public\index.php:73                              Glpi\Kernel\Kernel->sendResponse()

[2026-06-09 13:03:22] glpi.CRITICAL:   *** Uncaught PHP Exception Error: "Attempt to assign property "_filename" on array" at APIRest.php line 566
  Backtrace :
  .\src\Glpi\Api\APIRest.php:566                     
  .\src\Glpi\Api\APIRest.php:150                     Glpi\Api\APIRest->parseIncomingParams()
  .\src\Glpi\Controller\ApiRestController.php:59     Glpi\Api\APIRest->call()
  .\vendor\symfony\http-kernel\HttpKernel.php:101    Glpi\Controller\ApiRestController->Glpi\Controller\{closure}()
  ...ymfony\http-foundation\StreamedResponse.php:106 Symfony\Component\HttpKernel\HttpKernel::Symfony\Component\HttpKernel\{closure}()
  .\vendor\symfony\http-foundation\Response.php:423  Symfony\Component\HttpFoundation\StreamedResponse->sendContent()
  .\src\Glpi\Kernel\Kernel.php:295                   Symfony\Component\HttpFoundation\Response->send()
  .\public\index.php:73                              Glpi\Kernel\Kernel->sendResponse()

[2026-06-09 13:17:30] glpi.CRITICAL:   *** Uncaught PHP Exception Error: "Attempt to assign property "_filename" on array" at APIRest.php line 566
  Backtrace :
  .\src\Glpi\Api\APIRest.php:566                     
  .\src\Glpi\Api\APIRest.php:150                     Glpi\Api\APIRest->parseIncomingParams()
  .\src\Glpi\Controller\ApiRestController.php:59     Glpi\Api\APIRest->call()
  .\vendor\symfony\http-kernel\HttpKernel.php:101    Glpi\Controller\ApiRestController->Glpi\Controller\{closure}()
  ...ymfony\http-foundation\StreamedResponse.php:106 Symfony\Component\HttpKernel\HttpKernel::Symfony\Component\HttpKernel\{closure}()
  .\vendor\symfony\http-foundation\Response.php:423  Symfony\Component\HttpFoundation\StreamedResponse->sendContent()
  .\src\Glpi\Kernel\Kernel.php:295                   Symfony\Component\HttpFoundation\Response->send()
  .\public\index.php:73                              Glpi\Kernel\Kernel->sendResponse()

[2026-06-09 13:17:43] glpi.CRITICAL:   *** Uncaught PHP Exception Error: "Attempt to assign property "_filename" on array" at APIRest.php line 566
  Backtrace :
  .\src\Glpi\Api\APIRest.php:566                     
  .\src\Glpi\Api\APIRest.php:150                     Glpi\Api\APIRest->parseIncomingParams()
  .\src\Glpi\Controller\ApiRestController.php:59     Glpi\Api\APIRest->call()
  .\vendor\symfony\http-kernel\HttpKernel.php:101    Glpi\Controller\ApiRestController->Glpi\Controller\{closure}()
  ...ymfony\http-foundation\StreamedResponse.php:106 Symfony\Component\HttpKernel\HttpKernel::Symfony\Component\HttpKernel\{closure}()
  .\vendor\symfony\http-foundation\Response.php:423  Symfony\Component\HttpFoundation\StreamedResponse->sendContent()
  .\src\Glpi\Kernel\Kernel.php:295                   Symfony\Component\HttpFoundation\Response->send()
  .\public\index.php:73                              Glpi\Kernel\Kernel->sendResponse()

[2026-06-09 13:17:50] glpi.CRITICAL:   *** Uncaught PHP Exception Error: "Attempt to assign property "_filename" on array" at APIRest.php line 566
  Backtrace :
  .\src\Glpi\Api\APIRest.php:566                     
  .\src\Glpi\Api\APIRest.php:150                     Glpi\Api\APIRest->parseIncomingParams()
  .\src\Glpi\Controller\ApiRestController.php:59     Glpi\Api\APIRest->call()
  .\vendor\symfony\http-kernel\HttpKernel.php:101    Glpi\Controller\ApiRestController->Glpi\Controller\{closure}()
  ...ymfony\http-foundation\StreamedResponse.php:106 Symfony\Component\HttpKernel\HttpKernel::Symfony\Component\HttpKernel\{closure}()
  .\vendor\symfony\http-foundation\Response.php:423  Symfony\Component\HttpFoundation\StreamedResponse->sendContent()
  .\src\Glpi\Kernel\Kernel.php:295                   Symfony\Component\HttpFoundation\Response->send()
  .\public\index.php:73                              Glpi\Kernel\Kernel->sendResponse()

[2026-06-09 13:17:51] glpi.CRITICAL:   *** Uncaught PHP Exception Error: "Attempt to assign property "_filename" on array" at APIRest.php line 566
  Backtrace :
  .\src\Glpi\Api\APIRest.php:566                     
  .\src\Glpi\Api\APIRest.php:150                     Glpi\Api\APIRest->parseIncomingParams()
  .\src\Glpi\Controller\ApiRestController.php:59     Glpi\Api\APIRest->call()
  .\vendor\symfony\http-kernel\HttpKernel.php:101    Glpi\Controller\ApiRestController->Glpi\Controller\{closure}()
  ...ymfony\http-foundation\StreamedResponse.php:106 Symfony\Component\HttpKernel\HttpKernel::Symfony\Component\HttpKernel\{closure}()
  .\vendor\symfony\http-foundation\Response.php:423  Symfony\Component\HttpFoundation\StreamedResponse->sendContent()
  .\src\Glpi\Kernel\Kernel.php:295                   Symfony\Component\HttpFoundation\Response->send()
  .\public\index.php:73                              Glpi\Kernel\Kernel->sendResponse()

[2026-06-09 15:37:50] glpi.CRITICAL:   *** Uncaught PHP Exception Error: "Attempt to assign property "_filename" on array" at APIRest.php line 566
  Backtrace :
  .\src\Glpi\Api\APIRest.php:566                     
  .\src\Glpi\Api\APIRest.php:150                     Glpi\Api\APIRest->parseIncomingParams()
  .\src\Glpi\Controller\ApiRestController.php:59     Glpi\Api\APIRest->call()
  .\vendor\symfony\http-kernel\HttpKernel.php:101    Glpi\Controller\ApiRestController->Glpi\Controller\{closure}()
  ...ymfony\http-foundation\StreamedResponse.php:106 Symfony\Component\HttpKernel\HttpKernel::Symfony\Component\HttpKernel\{closure}()
  .\vendor\symfony\http-foundation\Response.php:423  Symfony\Component\HttpFoundation\StreamedResponse->sendContent()
  .\src\Glpi\Kernel\Kernel.php:295                   Symfony\Component\HttpFoundation\Response->send()
  .\public\index.php:73                              Glpi\Kernel\Kernel->sendResponse()

[2026-06-09 15:38:11] glpi.CRITICAL:   *** Uncaught PHP Exception Error: "Attempt to assign property "_filename" on array" at APIRest.php line 566
  Backtrace :
  .\src\Glpi\Api\APIRest.php:566                     
  .\src\Glpi\Api\APIRest.php:150                     Glpi\Api\APIRest->parseIncomingParams()
  .\src\Glpi\Controller\ApiRestController.php:59     Glpi\Api\APIRest->call()
  .\vendor\symfony\http-kernel\HttpKernel.php:101    Glpi\Controller\ApiRestController->Glpi\Controller\{closure}()
  ...ymfony\http-foundation\StreamedResponse.php:106 Symfony\Component\HttpKernel\HttpKernel::Symfony\Component\HttpKernel\{closure}()
  .\vendor\symfony\http-foundation\Response.php:423  Symfony\Component\HttpFoundation\StreamedResponse->sendContent()
  .\src\Glpi\Kernel\Kernel.php:295                   Symfony\Component\HttpFoundation\Response->send()
  .\public\index.php:73                              Glpi\Kernel\Kernel->sendResponse()

[2026-06-09 15:38:11] glpi.CRITICAL:   *** Uncaught PHP Exception Error: "Attempt to assign property "_filename" on array" at APIRest.php line 566
  Backtrace :
  .\src\Glpi\Api\APIRest.php:566                     
  .\src\Glpi\Api\APIRest.php:150                     Glpi\Api\APIRest->parseIncomingParams()
  .\src\Glpi\Controller\ApiRestController.php:59     Glpi\Api\APIRest->call()
  .\vendor\symfony\http-kernel\HttpKernel.php:101    Glpi\Controller\ApiRestController->Glpi\Controller\{closure}()
  ...ymfony\http-foundation\StreamedResponse.php:106 Symfony\Component\HttpKernel\HttpKernel::Symfony\Component\HttpKernel\{closure}()
  .\vendor\symfony\http-foundation\Response.php:423  Symfony\Component\HttpFoundation\StreamedResponse->sendContent()
  .\src\Glpi\Kernel\Kernel.php:295                   Symfony\Component\HttpFoundation\Response->send()
  .\public\index.php:73                              Glpi\Kernel\Kernel->sendResponse()

[2026-06-09 15:38:11] glpi.CRITICAL:   *** Uncaught PHP Exception Error: "Attempt to assign property "_filename" on array" at APIRest.php line 566
  Backtrace :
  .\src\Glpi\Api\APIRest.php:566                     
  .\src\Glpi\Api\APIRest.php:150                     Glpi\Api\APIRest->parseIncomingParams()
  .\src\Glpi\Controller\ApiRestController.php:59     Glpi\Api\APIRest->call()
  .\vendor\symfony\http-kernel\HttpKernel.php:101    Glpi\Controller\ApiRestController->Glpi\Controller\{closure}()
  ...ymfony\http-foundation\StreamedResponse.php:106 Symfony\Component\HttpKernel\HttpKernel::Symfony\Component\HttpKernel\{closure}()
  .\vendor\symfony\http-foundation\Response.php:423  Symfony\Component\HttpFoundation\StreamedResponse->sendContent()
  .\src\Glpi\Kernel\Kernel.php:295                   Symfony\Component\HttpFoundation\Response->send()
  .\public\index.php:73                              Glpi\Kernel\Kernel->sendResponse()

[2026-06-10 09:33:48] glpi.WARNING:   *** Warning: Undefined array key 0 at API.php line 2118
  Backtrace :
  .\src\Glpi\Api\API.php:2118                        
  .\src\Glpi\Api\APIRest.php:380                     Glpi\Api\API->updateItems()
  .\src\Glpi\Controller\ApiRestController.php:59     Glpi\Api\APIRest->call()
  .\vendor\symfony\http-kernel\HttpKernel.php:101    Glpi\Controller\ApiRestController->Glpi\Controller\{closure}()
  ...ymfony\http-foundation\StreamedResponse.php:106 Symfony\Component\HttpKernel\HttpKernel::Symfony\Component\HttpKernel\{closure}()
  .\vendor\symfony\http-foundation\Response.php:423  Symfony\Component\HttpFoundation\StreamedResponse->sendContent()
  .\src\Glpi\Kernel\Kernel.php:295                   Symfony\Component\HttpFoundation\Response->send()
  .\public\index.php:73                              Glpi\Kernel\Kernel->sendResponse()

[2026-06-10 09:33:48] glpi.WARNING:   *** Warning: Trying to access array offset on null at API.php line 2118
  Backtrace :
  .\src\Glpi\Api\API.php:2118                        
  .\src\Glpi\Api\APIRest.php:380                     Glpi\Api\API->updateItems()
  .\src\Glpi\Controller\ApiRestController.php:59     Glpi\Api\APIRest->call()
  .\vendor\symfony\http-kernel\HttpKernel.php:101    Glpi\Controller\ApiRestController->Glpi\Controller\{closure}()
  ...ymfony\http-foundation\StreamedResponse.php:106 Symfony\Component\HttpKernel\HttpKernel::Symfony\Component\HttpKernel\{closure}()
  .\vendor\symfony\http-foundation\Response.php:423  Symfony\Component\HttpFoundation\StreamedResponse->sendContent()
  .\src\Glpi\Kernel\Kernel.php:295                   Symfony\Component\HttpFoundation\Response->send()
  .\public\index.php:73                              Glpi\Kernel\Kernel->sendResponse()

[2026-06-10 16:16:40] glpi.CRITICAL:   *** Uncaught PHP Exception Error: "Attempt to assign property "_filename" on array" at APIRest.php line 566
  Backtrace :
  .\src\Glpi\Api\APIRest.php:566                     
  .\src\Glpi\Api\APIRest.php:150                     Glpi\Api\APIRest->parseIncomingParams()
  .\src\Glpi\Controller\ApiRestController.php:59     Glpi\Api\APIRest->call()
  .\vendor\symfony\http-kernel\HttpKernel.php:101    Glpi\Controller\ApiRestController->Glpi\Controller\{closure}()
  ...ymfony\http-foundation\StreamedResponse.php:106 Symfony\Component\HttpKernel\HttpKernel::Symfony\Component\HttpKernel\{closure}()
  .\vendor\symfony\http-foundation\Response.php:423  Symfony\Component\HttpFoundation\StreamedResponse->sendContent()
  .\src\Glpi\Kernel\Kernel.php:295                   Symfony\Component\HttpFoundation\Response->send()
  .\public\index.php:73                              Glpi\Kernel\Kernel->sendResponse()

[2026-06-10 16:17:03] glpi.CRITICAL:   *** Uncaught PHP Exception Error: "Attempt to assign property "_filename" on array" at APIRest.php line 566
  Backtrace :
  .\src\Glpi\Api\APIRest.php:566                     
  .\src\Glpi\Api\APIRest.php:150                     Glpi\Api\APIRest->parseIncomingParams()
  .\src\Glpi\Controller\ApiRestController.php:59     Glpi\Api\APIRest->call()
  .\vendor\symfony\http-kernel\HttpKernel.php:101    Glpi\Controller\ApiRestController->Glpi\Controller\{closure}()
  ...ymfony\http-foundation\StreamedResponse.php:106 Symfony\Component\HttpKernel\HttpKernel::Symfony\Component\HttpKernel\{closure}()
  .\vendor\symfony\http-foundation\Response.php:423  Symfony\Component\HttpFoundation\StreamedResponse->sendContent()
  .\src\Glpi\Kernel\Kernel.php:295                   Symfony\Component\HttpFoundation\Response->send()
  .\public\index.php:73                              Glpi\Kernel\Kernel->sendResponse()

[2026-06-10 16:17:04] glpi.CRITICAL:   *** Uncaught PHP Exception Error: "Attempt to assign property "_filename" on array" at APIRest.php line 566
  Backtrace :
  .\src\Glpi\Api\APIRest.php:566                     
  .\src\Glpi\Api\APIRest.php:150                     Glpi\Api\APIRest->parseIncomingParams()
  .\src\Glpi\Controller\ApiRestController.php:59     Glpi\Api\APIRest->call()
  .\vendor\symfony\http-kernel\HttpKernel.php:101    Glpi\Controller\ApiRestController->Glpi\Controller\{closure}()
  ...ymfony\http-foundation\StreamedResponse.php:106 Symfony\Component\HttpKernel\HttpKernel::Symfony\Component\HttpKernel\{closure}()
  .\vendor\symfony\http-foundation\Response.php:423  Symfony\Component\HttpFoundation\StreamedResponse->sendContent()
  .\src\Glpi\Kernel\Kernel.php:295                   Symfony\Component\HttpFoundation\Response->send()
  .\public\index.php:73                              Glpi\Kernel\Kernel->sendResponse()

[2026-06-10 16:17:04] glpi.CRITICAL:   *** Uncaught PHP Exception Error: "Attempt to assign property "_filename" on array" at APIRest.php line 566
  Backtrace :
  .\src\Glpi\Api\APIRest.php:566                     
  .\src\Glpi\Api\APIRest.php:150                     Glpi\Api\APIRest->parseIncomingParams()
  .\src\Glpi\Controller\ApiRestController.php:59     Glpi\Api\APIRest->call()
  .\vendor\symfony\http-kernel\HttpKernel.php:101    Glpi\Controller\ApiRestController->Glpi\Controller\{closure}()
  ...ymfony\http-foundation\StreamedResponse.php:106 Symfony\Component\HttpKernel\HttpKernel::Symfony\Component\HttpKernel\{closure}()
  .\vendor\symfony\http-foundation\Response.php:423  Symfony\Component\HttpFoundation\StreamedResponse->sendContent()
  .\src\Glpi\Kernel\Kernel.php:295                   Symfony\Component\HttpFoundation\Response->send()
  .\public\index.php:73                              Glpi\Kernel\Kernel->sendResponse()

[2026-06-10 16:30:19] glpi.WARNING:   *** User Warning: File ./files/_tmp/6a29911b4123d0.22416788PC-ADM-001.png not found. at Document.php line 1182
  Backtrace :
  .\src\Document.php:1182                            
  .\src\Document.php:248                             Document::moveDocument()
  .\src\CommonDBTM.php:1339                          Document->prepareInputForAdd()
  .\src\Glpi\Api\API.php:1940                        CommonDBTM->add()
  .\src\Glpi\Api\APIRest.php:347                     Glpi\Api\API->createItems()
  .\src\Glpi\Controller\ApiRestController.php:59     Glpi\Api\APIRest->call()
  .\vendor\symfony\http-kernel\HttpKernel.php:101    Glpi\Controller\ApiRestController->Glpi\Controller\{closure}()
  ...ymfony\http-foundation\StreamedResponse.php:106 Symfony\Component\HttpKernel\HttpKernel::Symfony\Component\HttpKernel\{closure}()
  .\vendor\symfony\http-foundation\Response.php:423  Symfony\Component\HttpFoundation\StreamedResponse->sendContent()
  .\src\Glpi\Kernel\Kernel.php:295                   Symfony\Component\HttpFoundation\Response->send()
  .\public\index.php:73                              Glpi\Kernel\Kernel->sendResponse()

[2026-06-10 16:30:19] glpi.WARNING:   *** User Warning: MySQL query warnings:
  SQL: INSERT INTO `glpi_documents` (`name`, `entities_id`, `is_recursive`, `documentcategories_id`, `date_creation`, `comment`, `users_id`, `tag`, `date_mod`) VALUES ('PC-ADM-001.png', '0', '0', '1', '2026-06-10T16:30:19.201Z', 'Image associée à Computer #614', '2', '786c4465-a6886e6c-6a29911b8266f1.20994250', '2026-06-10 16:30:19')
  Warnings: 
1265: Data truncated for column 'date_creation' at row 1 at DBmysql.php line 444
  Backtrace :
  .\src\DBmysql.php:444                              
  .\src\DBmysql.php:1377                             DBmysql->doQuery()
  .\src\CommonDBTM.php:778                           DBmysql->insert()
  .\src\CommonDBTM.php:1382                          CommonDBTM->addToDB()
  .\src\Glpi\Api\API.php:1940                        CommonDBTM->add()
  .\src\Glpi\Api\APIRest.php:347                     Glpi\Api\API->createItems()
  .\src\Glpi\Controller\ApiRestController.php:59     Glpi\Api\APIRest->call()
  .\vendor\symfony\http-kernel\HttpKernel.php:101    Glpi\Controller\ApiRestController->Glpi\Controller\{closure}()
  ...ymfony\http-foundation\StreamedResponse.php:106 Symfony\Component\HttpKernel\HttpKernel::Symfony\Component\HttpKernel\{closure}()
  .\vendor\symfony\http-foundation\Response.php:423  Symfony\Component\HttpFoundation\StreamedResponse->sendContent()
  .\src\Glpi\Kernel\Kernel.php:295                   Symfony\Component\HttpFoundation\Response->send()
  .\public\index.php:73                              Glpi\Kernel\Kernel->sendResponse()

[2026-06-10 16:30:19] glpi.WARNING:   *** User Warning: File ./files/_tmp/6a29911bc2abb6.72980989MN-FORM-002.png not found. at Document.php line 1182
  Backtrace :
  .\src\Document.php:1182                            
  .\src\Document.php:248                             Document::moveDocument()
  .\src\CommonDBTM.php:1339                          Document->prepareInputForAdd()
  .\src\Glpi\Api\API.php:1940                        CommonDBTM->add()
  .\src\Glpi\Api\APIRest.php:347                     Glpi\Api\API->createItems()
  .\src\Glpi\Controller\ApiRestController.php:59     Glpi\Api\APIRest->call()
  .\vendor\symfony\http-kernel\HttpKernel.php:101    Glpi\Controller\ApiRestController->Glpi\Controller\{closure}()
  ...ymfony\http-foundation\StreamedResponse.php:106 Symfony\Component\HttpKernel\HttpKernel::Symfony\Component\HttpKernel\{closure}()
  .\vendor\symfony\http-foundation\Response.php:423  Symfony\Component\HttpFoundation\StreamedResponse->sendContent()
  .\src\Glpi\Kernel\Kernel.php:295                   Symfony\Component\HttpFoundation\Response->send()
  .\public\index.php:73                              Glpi\Kernel\Kernel->sendResponse()

[2026-06-10 16:30:19] glpi.WARNING:   *** User Warning: MySQL query warnings:
  SQL: INSERT INTO `glpi_documents` (`name`, `entities_id`, `is_recursive`, `documentcategories_id`, `date_creation`, `comment`, `users_id`, `tag`, `date_mod`) VALUES ('MN-FORM-002.png', '0', '0', '1', '2026-06-10T16:30:19.704Z', 'Image associée à Monitor #50', '2', '786c4465-a6886e6c-6a29911bc4ff75.42311811', '2026-06-10 16:30:19')
  Warnings: 
1265: Data truncated for column 'date_creation' at row 1 at DBmysql.php line 444
  Backtrace :
  .\src\DBmysql.php:444                              
  .\src\DBmysql.php:1377                             DBmysql->doQuery()
  .\src\CommonDBTM.php:778                           DBmysql->insert()
  .\src\CommonDBTM.php:1382                          CommonDBTM->addToDB()
  .\src\Glpi\Api\API.php:1940                        CommonDBTM->add()
  .\src\Glpi\Api\APIRest.php:347                     Glpi\Api\API->createItems()
  .\src\Glpi\Controller\ApiRestController.php:59     Glpi\Api\APIRest->call()
  .\vendor\symfony\http-kernel\HttpKernel.php:101    Glpi\Controller\ApiRestController->Glpi\Controller\{closure}()
  ...ymfony\http-foundation\StreamedResponse.php:106 Symfony\Component\HttpKernel\HttpKernel::Symfony\Component\HttpKernel\{closure}()
  .\vendor\symfony\http-foundation\Response.php:423  Symfony\Component\HttpFoundation\StreamedResponse->sendContent()
  .\src\Glpi\Kernel\Kernel.php:295                   Symfony\Component\HttpFoundation\Response->send()
  .\public\index.php:73                              Glpi\Kernel\Kernel->sendResponse()

[2026-06-10 16:30:20] glpi.WARNING:   *** User Warning: MySQL query warnings:
  SQL: INSERT INTO `glpi_documents` (`name`, `entities_id`, `is_recursive`, `documentcategories_id`, `date_creation`, `comment`, `users_id`, `mime`, `filename`, `filepath`, `sha1sum`, `tag`, `date_mod`) VALUES ('PC-LAB-002.jpeg', '0', '0', '1', '2026-06-10T16:30:19.917Z', 'Image associée à Computer #619', '2', 'image/jpeg', 'PC-LAB-002.jpeg', 'JPEG/f9/c2f562cc3a0397df67ded98eaa0220a8da89d2.JPEG', 'f9c2f562cc3a0397df67ded98eaa0220a8da89d2', '786c4465-a6886e6c-6a29911c039076.40933974', '2026-06-10 16:30:19')
  Warnings: 
1265: Data truncated for column 'date_creation' at row 1 at DBmysql.php line 444
  Backtrace :
  .\src\DBmysql.php:444                              
  .\src\DBmysql.php:1377                             DBmysql->doQuery()
  .\src\CommonDBTM.php:778                           DBmysql->insert()
  .\src\CommonDBTM.php:1382                          CommonDBTM->addToDB()
  .\src\Glpi\Api\API.php:1940                        CommonDBTM->add()
  .\src\Glpi\Api\APIRest.php:347                     Glpi\Api\API->createItems()
  .\src\Glpi\Controller\ApiRestController.php:59     Glpi\Api\APIRest->call()
  .\vendor\symfony\http-kernel\HttpKernel.php:101    Glpi\Controller\ApiRestController->Glpi\Controller\{closure}()
  ...ymfony\http-foundation\StreamedResponse.php:106 Symfony\Component\HttpKernel\HttpKernel::Symfony\Component\HttpKernel\{closure}()
  .\vendor\symfony\http-foundation\Response.php:423  Symfony\Component\HttpFoundation\StreamedResponse->sendContent()
  .\src\Glpi\Kernel\Kernel.php:295                   Symfony\Component\HttpFoundation\Response->send()
  .\public\index.php:73                              Glpi\Kernel\Kernel->sendResponse()

[2026-06-10 16:30:20] glpi.WARNING:   *** User Warning: File ./files/_tmp/6a29911c312e94.17270670PC-COMPTA-001.png not found. at Document.php line 1182
  Backtrace :
  .\src\Document.php:1182                            
  .\src\Document.php:248                             Document::moveDocument()
  .\src\CommonDBTM.php:1339                          Document->prepareInputForAdd()
  .\src\Glpi\Api\API.php:1940                        CommonDBTM->add()
  .\src\Glpi\Api\APIRest.php:347                     Glpi\Api\API->createItems()
  .\src\Glpi\Controller\ApiRestController.php:59     Glpi\Api\APIRest->call()
  .\vendor\symfony\http-kernel\HttpKernel.php:101    Glpi\Controller\ApiRestController->Glpi\Controller\{closure}()
  ...ymfony\http-foundation\StreamedResponse.php:106 Symfony\Component\HttpKernel\HttpKernel::Symfony\Component\HttpKernel\{closure}()
  .\vendor\symfony\http-foundation\Response.php:423  Symfony\Component\HttpFoundation\StreamedResponse->sendContent()
  .\src\Glpi\Kernel\Kernel.php:295                   Symfony\Component\HttpFoundation\Response->send()
  .\public\index.php:73                              Glpi\Kernel\Kernel->sendResponse()

[2026-06-10 16:30:20] glpi.WARNING:   *** User Warning: MySQL query warnings:
  SQL: INSERT INTO `glpi_documents` (`name`, `entities_id`, `is_recursive`, `documentcategories_id`, `date_creation`, `comment`, `users_id`, `tag`, `date_mod`) VALUES ('PC-COMPTA-001.png', '0', '0', '1', '2026-06-10T16:30:20.122Z', 'Image associée à Computer #616', '2', '786c4465-a6886e6c-6a29911c32cc05.06806956', '2026-06-10 16:30:20')
  Warnings: 
1265: Data truncated for column 'date_creation' at row 1 at DBmysql.php line 444
  Backtrace :
  .\src\DBmysql.php:444                              
  .\src\DBmysql.php:1377                             DBmysql->doQuery()
  .\src\CommonDBTM.php:778                           DBmysql->insert()
  .\src\CommonDBTM.php:1382                          CommonDBTM->addToDB()
  .\src\Glpi\Api\API.php:1940                        CommonDBTM->add()
  .\src\Glpi\Api\APIRest.php:347                     Glpi\Api\API->createItems()
  .\src\Glpi\Controller\ApiRestController.php:59     Glpi\Api\APIRest->call()
  .\vendor\symfony\http-kernel\HttpKernel.php:101    Glpi\Controller\ApiRestController->Glpi\Controller\{closure}()
  ...ymfony\http-foundation\StreamedResponse.php:106 Symfony\Component\HttpKernel\HttpKernel::Symfony\Component\HttpKernel\{closure}()
  .\vendor\symfony\http-foundation\Response.php:423  Symfony\Component\HttpFoundation\StreamedResponse->sendContent()
  .\src\Glpi\Kernel\Kernel.php:295                   Symfony\Component\HttpFoundation\Response->send()
  .\public\index.php:73                              Glpi\Kernel\Kernel->sendResponse()

[2026-06-10 16:34:18] glpi.WARNING:   *** User Warning: File ./files/_tmp/6a29920abb06d4.81391696PC-ADM-001.png not found. at Document.php line 1182
  Backtrace :
  .\src\Document.php:1182                            
  .\src\Document.php:248                             Document::moveDocument()
  .\src\CommonDBTM.php:1339                          Document->prepareInputForAdd()
  .\src\Glpi\Api\API.php:1940                        CommonDBTM->add()
  .\src\Glpi\Api\APIRest.php:347                     Glpi\Api\API->createItems()
  .\src\Glpi\Controller\ApiRestController.php:59     Glpi\Api\APIRest->call()
  .\vendor\symfony\http-kernel\HttpKernel.php:101    Glpi\Controller\ApiRestController->Glpi\Controller\{closure}()
  ...ymfony\http-foundation\StreamedResponse.php:106 Symfony\Component\HttpKernel\HttpKernel::Symfony\Component\HttpKernel\{closure}()
  .\vendor\symfony\http-foundation\Response.php:423  Symfony\Component\HttpFoundation\StreamedResponse->sendContent()
  .\src\Glpi\Kernel\Kernel.php:295                   Symfony\Component\HttpFoundation\Response->send()
  .\public\index.php:73                              Glpi\Kernel\Kernel->sendResponse()

[2026-06-10 16:34:18] glpi.WARNING:   *** User Warning: MySQL query warnings:
  SQL: INSERT INTO `glpi_documents` (`name`, `entities_id`, `is_recursive`, `documentcategories_id`, `date_creation`, `comment`, `users_id`, `tag`, `date_mod`) VALUES ('PC-ADM-001.png', '0', '0', '1', '2026-06-10T16:34:18.684Z', 'Image associée à Computer #623', '2', '786c4465-a6886e6c-6a29920abd2b08.88366152', '2026-06-10 16:34:18')
  Warnings: 
1265: Data truncated for column 'date_creation' at row 1 at DBmysql.php line 444
  Backtrace :
  .\src\DBmysql.php:444                              
  .\src\DBmysql.php:1377                             DBmysql->doQuery()
  .\src\CommonDBTM.php:778                           DBmysql->insert()
  .\src\CommonDBTM.php:1382                          CommonDBTM->addToDB()
  .\src\Glpi\Api\API.php:1940                        CommonDBTM->add()
  .\src\Glpi\Api\APIRest.php:347                     Glpi\Api\API->createItems()
  .\src\Glpi\Controller\ApiRestController.php:59     Glpi\Api\APIRest->call()
  .\vendor\symfony\http-kernel\HttpKernel.php:101    Glpi\Controller\ApiRestController->Glpi\Controller\{closure}()
  ...ymfony\http-foundation\StreamedResponse.php:106 Symfony\Component\HttpKernel\HttpKernel::Symfony\Component\HttpKernel\{closure}()
  .\vendor\symfony\http-foundation\Response.php:423  Symfony\Component\HttpFoundation\StreamedResponse->sendContent()
  .\src\Glpi\Kernel\Kernel.php:295                   Symfony\Component\HttpFoundation\Response->send()
  .\public\index.php:73                              Glpi\Kernel\Kernel->sendResponse()

[2026-06-10 16:34:18] glpi.WARNING:   *** User Warning: File ./files/_tmp/6a29920ae84298.52587040MN-FORM-002.png not found. at Document.php line 1182
  Backtrace :
  .\src\Document.php:1182                            
  .\src\Document.php:248                             Document::moveDocument()
  .\src\CommonDBTM.php:1339                          Document->prepareInputForAdd()
  .\src\Glpi\Api\API.php:1940                        CommonDBTM->add()
  .\src\Glpi\Api\APIRest.php:347                     Glpi\Api\API->createItems()
  .\src\Glpi\Controller\ApiRestController.php:59     Glpi\Api\APIRest->call()
  .\vendor\symfony\http-kernel\HttpKernel.php:101    Glpi\Controller\ApiRestController->Glpi\Controller\{closure}()
  ...ymfony\http-foundation\StreamedResponse.php:106 Symfony\Component\HttpKernel\HttpKernel::Symfony\Component\HttpKernel\{closure}()
  .\vendor\symfony\http-foundation\Response.php:423  Symfony\Component\HttpFoundation\StreamedResponse->sendContent()
  .\src\Glpi\Kernel\Kernel.php:295                   Symfony\Component\HttpFoundation\Response->send()
  .\public\index.php:73                              Glpi\Kernel\Kernel->sendResponse()

[2026-06-10 16:34:18] glpi.WARNING:   *** User Warning: MySQL query warnings:
  SQL: INSERT INTO `glpi_documents` (`name`, `entities_id`, `is_recursive`, `documentcategories_id`, `date_creation`, `comment`, `users_id`, `tag`, `date_mod`) VALUES ('MN-FORM-002.png', '0', '0', '1', '2026-06-10T16:34:18.876Z', 'Image associée à Monitor #51', '2', '786c4465-a6886e6c-6a29920aea06a2.79479010', '2026-06-10 16:34:18')
  Warnings: 
1265: Data truncated for column 'date_creation' at row 1 at DBmysql.php line 444
  Backtrace :
  .\src\DBmysql.php:444                              
  .\src\DBmysql.php:1377                             DBmysql->doQuery()
  .\src\CommonDBTM.php:778                           DBmysql->insert()
  .\src\CommonDBTM.php:1382                          CommonDBTM->addToDB()
  .\src\Glpi\Api\API.php:1940                        CommonDBTM->add()
  .\src\Glpi\Api\APIRest.php:347                     Glpi\Api\API->createItems()
  .\src\Glpi\Controller\ApiRestController.php:59     Glpi\Api\APIRest->call()
  .\vendor\symfony\http-kernel\HttpKernel.php:101    Glpi\Controller\ApiRestController->Glpi\Controller\{closure}()
  ...ymfony\http-foundation\StreamedResponse.php:106 Symfony\Component\HttpKernel\HttpKernel::Symfony\Component\HttpKernel\{closure}()
  .\vendor\symfony\http-foundation\Response.php:423  Symfony\Component\HttpFoundation\StreamedResponse->sendContent()
  .\src\Glpi\Kernel\Kernel.php:295                   Symfony\Component\HttpFoundation\Response->send()
  .\public\index.php:73                              Glpi\Kernel\Kernel->sendResponse()

[2026-06-10 16:34:19] glpi.WARNING:   *** User Warning: MySQL query warnings:
  SQL: INSERT INTO `glpi_documents` (`name`, `entities_id`, `is_recursive`, `documentcategories_id`, `date_creation`, `comment`, `users_id`, `mime`, `filename`, `filepath`, `sha1sum`, `tag`, `date_mod`) VALUES ('PC-LAB-002.jpeg', '0', '0', '1', '2026-06-10T16:34:19.060Z', 'Image associée à Computer #628', '2', 'image/jpeg', 'PC-LAB-002.jpeg', 'JPEG/f9/c2f562cc3a0397df67ded98eaa0220a8da89d2.JPEG', 'f9c2f562cc3a0397df67ded98eaa0220a8da89d2', '786c4465-a6886e6c-6a29920b26b493.43837104', '2026-06-10 16:34:19')
  Warnings: 
1265: Data truncated for column 'date_creation' at row 1 at DBmysql.php line 444
  Backtrace :
  .\src\DBmysql.php:444                              
  .\src\DBmysql.php:1377                             DBmysql->doQuery()
  .\src\CommonDBTM.php:778                           DBmysql->insert()
  .\src\CommonDBTM.php:1382                          CommonDBTM->addToDB()
  .\src\Glpi\Api\API.php:1940                        CommonDBTM->add()
  .\src\Glpi\Api\APIRest.php:347                     Glpi\Api\API->createItems()
  .\src\Glpi\Controller\ApiRestController.php:59     Glpi\Api\APIRest->call()
  .\vendor\symfony\http-kernel\HttpKernel.php:101    Glpi\Controller\ApiRestController->Glpi\Controller\{closure}()
  ...ymfony\http-foundation\StreamedResponse.php:106 Symfony\Component\HttpKernel\HttpKernel::Symfony\Component\HttpKernel\{closure}()
  .\vendor\symfony\http-foundation\Response.php:423  Symfony\Component\HttpFoundation\StreamedResponse->sendContent()
  .\src\Glpi\Kernel\Kernel.php:295                   Symfony\Component\HttpFoundation\Response->send()
  .\public\index.php:73                              Glpi\Kernel\Kernel->sendResponse()

[2026-06-10 16:34:19] glpi.WARNING:   *** User Warning: File ./files/_tmp/6a29920b58dcb1.03299870PC-COMPTA-001.png not found. at Document.php line 1182
  Backtrace :
  .\src\Document.php:1182                            
  .\src\Document.php:248                             Document::moveDocument()
  .\src\CommonDBTM.php:1339                          Document->prepareInputForAdd()
  .\src\Glpi\Api\API.php:1940                        CommonDBTM->add()
  .\src\Glpi\Api\APIRest.php:347                     Glpi\Api\API->createItems()
  .\src\Glpi\Controller\ApiRestController.php:59     Glpi\Api\APIRest->call()
  .\vendor\symfony\http-kernel\HttpKernel.php:101    Glpi\Controller\ApiRestController->Glpi\Controller\{closure}()
  ...ymfony\http-foundation\StreamedResponse.php:106 Symfony\Component\HttpKernel\HttpKernel::Symfony\Component\HttpKernel\{closure}()
  .\vendor\symfony\http-foundation\Response.php:423  Symfony\Component\HttpFoundation\StreamedResponse->sendContent()
  .\src\Glpi\Kernel\Kernel.php:295                   Symfony\Component\HttpFoundation\Response->send()
  .\public\index.php:73                              Glpi\Kernel\Kernel->sendResponse()

[2026-06-10 16:34:19] glpi.WARNING:   *** User Warning: MySQL query warnings:
  SQL: INSERT INTO `glpi_documents` (`name`, `entities_id`, `is_recursive`, `documentcategories_id`, `date_creation`, `comment`, `users_id`, `tag`, `date_mod`) VALUES ('PC-COMPTA-001.png', '0', '0', '1', '2026-06-10T16:34:19.279Z', 'Image associée à Computer #625', '2', '786c4465-a6886e6c-6a29920b5a8191.96766449', '2026-06-10 16:34:19')
  Warnings: 
1265: Data truncated for column 'date_creation' at row 1 at DBmysql.php line 444
  Backtrace :
  .\src\DBmysql.php:444                              
  .\src\DBmysql.php:1377                             DBmysql->doQuery()
  .\src\CommonDBTM.php:778                           DBmysql->insert()
  .\src\CommonDBTM.php:1382                          CommonDBTM->addToDB()
  .\src\Glpi\Api\API.php:1940                        CommonDBTM->add()
  .\src\Glpi\Api\APIRest.php:347                     Glpi\Api\API->createItems()
  .\src\Glpi\Controller\ApiRestController.php:59     Glpi\Api\APIRest->call()
  .\vendor\symfony\http-kernel\HttpKernel.php:101    Glpi\Controller\ApiRestController->Glpi\Controller\{closure}()
  ...ymfony\http-foundation\StreamedResponse.php:106 Symfony\Component\HttpKernel\HttpKernel::Symfony\Component\HttpKernel\{closure}()
  .\vendor\symfony\http-foundation\Response.php:423  Symfony\Component\HttpFoundation\StreamedResponse->sendContent()
  .\src\Glpi\Kernel\Kernel.php:295                   Symfony\Component\HttpFoundation\Response->send()
  .\public\index.php:73                              Glpi\Kernel\Kernel->sendResponse()

[2026-06-10 16:39:58] glpi.WARNING:   *** User Warning: File ./files/_tmp/6a29935e4d3d53.54226973PC-ADM-001.png not found. at Document.php line 1182
  Backtrace :
  .\src\Document.php:1182                            
  .\src\Document.php:248                             Document::moveDocument()
  .\src\CommonDBTM.php:1339                          Document->prepareInputForAdd()
  .\src\Glpi\Api\API.php:1940                        CommonDBTM->add()
  .\src\Glpi\Api\APIRest.php:347                     Glpi\Api\API->createItems()
  .\src\Glpi\Controller\ApiRestController.php:59     Glpi\Api\APIRest->call()
  .\vendor\symfony\http-kernel\HttpKernel.php:101    Glpi\Controller\ApiRestController->Glpi\Controller\{closure}()
  ...ymfony\http-foundation\StreamedResponse.php:106 Symfony\Component\HttpKernel\HttpKernel::Symfony\Component\HttpKernel\{closure}()
  .\vendor\symfony\http-foundation\Response.php:423  Symfony\Component\HttpFoundation\StreamedResponse->sendContent()
  .\src\Glpi\Kernel\Kernel.php:295                   Symfony\Component\HttpFoundation\Response->send()
  .\public\index.php:73                              Glpi\Kernel\Kernel->sendResponse()

[2026-06-10 16:39:58] glpi.WARNING:   *** User Warning: File ./files/_tmp/6a29935e943d82.88245197MN-FORM-002.png not found. at Document.php line 1182
  Backtrace :
  .\src\Document.php:1182                            
  .\src\Document.php:248                             Document::moveDocument()
  .\src\CommonDBTM.php:1339                          Document->prepareInputForAdd()
  .\src\Glpi\Api\API.php:1940                        CommonDBTM->add()
  .\src\Glpi\Api\APIRest.php:347                     Glpi\Api\API->createItems()
  .\src\Glpi\Controller\ApiRestController.php:59     Glpi\Api\APIRest->call()
  .\vendor\symfony\http-kernel\HttpKernel.php:101    Glpi\Controller\ApiRestController->Glpi\Controller\{closure}()
  ...ymfony\http-foundation\StreamedResponse.php:106 Symfony\Component\HttpKernel\HttpKernel::Symfony\Component\HttpKernel\{closure}()
  .\vendor\symfony\http-foundation\Response.php:423  Symfony\Component\HttpFoundation\StreamedResponse->sendContent()
  .\src\Glpi\Kernel\Kernel.php:295                   Symfony\Component\HttpFoundation\Response->send()
  .\public\index.php:73                              Glpi\Kernel\Kernel->sendResponse()

[2026-06-10 16:39:59] glpi.WARNING:   *** User Warning: File ./files/_tmp/6a29935f03e6b3.38421789PC-COMPTA-001.png not found. at Document.php line 1182
  Backtrace :
  .\src\Document.php:1182                            
  .\src\Document.php:248                             Document::moveDocument()
  .\src\CommonDBTM.php:1339                          Document->prepareInputForAdd()
  .\src\Glpi\Api\API.php:1940                        CommonDBTM->add()
  .\src\Glpi\Api\APIRest.php:347                     Glpi\Api\API->createItems()
  .\src\Glpi\Controller\ApiRestController.php:59     Glpi\Api\APIRest->call()
  .\vendor\symfony\http-kernel\HttpKernel.php:101    Glpi\Controller\ApiRestController->Glpi\Controller\{closure}()
  ...ymfony\http-foundation\StreamedResponse.php:106 Symfony\Component\HttpKernel\HttpKernel::Symfony\Component\HttpKernel\{closure}()
  .\vendor\symfony\http-foundation\Response.php:423  Symfony\Component\HttpFoundation\StreamedResponse->sendContent()
  .\src\Glpi\Kernel\Kernel.php:295                   Symfony\Component\HttpFoundation\Response->send()
  .\public\index.php:73                              Glpi\Kernel\Kernel->sendResponse()

[2026-06-10 16:51:10] glpi.WARNING:   *** User Warning: File ./files/_tmp/6a2995fee6b870.84501529PC-ADM-001.png not found. at Document.php line 1182
  Backtrace :
  .\src\Document.php:1182                            
  .\src\Document.php:248                             Document::moveDocument()
  .\src\CommonDBTM.php:1339                          Document->prepareInputForAdd()
  .\src\Glpi\Api\API.php:1940                        CommonDBTM->add()
  .\src\Glpi\Api\APIRest.php:347                     Glpi\Api\API->createItems()
  .\src\Glpi\Controller\ApiRestController.php:59     Glpi\Api\APIRest->call()
  .\vendor\symfony\http-kernel\HttpKernel.php:101    Glpi\Controller\ApiRestController->Glpi\Controller\{closure}()
  ...ymfony\http-foundation\StreamedResponse.php:106 Symfony\Component\HttpKernel\HttpKernel::Symfony\Component\HttpKernel\{closure}()
  .\vendor\symfony\http-foundation\Response.php:423  Symfony\Component\HttpFoundation\StreamedResponse->sendContent()
  .\src\Glpi\Kernel\Kernel.php:295                   Symfony\Component\HttpFoundation\Response->send()
  .\public\index.php:73                              Glpi\Kernel\Kernel->sendResponse()

[2026-06-10 16:51:11] glpi.WARNING:   *** User Warning: File ./files/_tmp/6a2995ff20bbc6.34307566MN-FORM-002.png not found. at Document.php line 1182
  Backtrace :
  .\src\Document.php:1182                            
  .\src\Document.php:248                             Document::moveDocument()
  .\src\CommonDBTM.php:1339                          Document->prepareInputForAdd()
  .\src\Glpi\Api\API.php:1940                        CommonDBTM->add()
  .\src\Glpi\Api\APIRest.php:347                     Glpi\Api\API->createItems()
  .\src\Glpi\Controller\ApiRestController.php:59     Glpi\Api\APIRest->call()
  .\vendor\symfony\http-kernel\HttpKernel.php:101    Glpi\Controller\ApiRestController->Glpi\Controller\{closure}()
  ...ymfony\http-foundation\StreamedResponse.php:106 Symfony\Component\HttpKernel\HttpKernel::Symfony\Component\HttpKernel\{closure}()
  .\vendor\symfony\http-foundation\Response.php:423  Symfony\Component\HttpFoundation\StreamedResponse->sendContent()
  .\src\Glpi\Kernel\Kernel.php:295                   Symfony\Component\HttpFoundation\Response->send()
  .\public\index.php:73                              Glpi\Kernel\Kernel->sendResponse()

[2026-06-10 16:51:11] glpi.WARNING:   *** User Warning: File ./files/_tmp/6a2995ff843a33.37860282PC-COMPTA-001.png not found. at Document.php line 1182
  Backtrace :
  .\src\Document.php:1182                            
  .\src\Document.php:248                             Document::moveDocument()
  .\src\CommonDBTM.php:1339                          Document->prepareInputForAdd()
  .\src\Glpi\Api\API.php:1940                        CommonDBTM->add()
  .\src\Glpi\Api\APIRest.php:347                     Glpi\Api\API->createItems()
  .\src\Glpi\Controller\ApiRestController.php:59     Glpi\Api\APIRest->call()
  .\vendor\symfony\http-kernel\HttpKernel.php:101    Glpi\Controller\ApiRestController->Glpi\Controller\{closure}()
  ...ymfony\http-foundation\StreamedResponse.php:106 Symfony\Component\HttpKernel\HttpKernel::Symfony\Component\HttpKernel\{closure}()
  .\vendor\symfony\http-foundation\Response.php:423  Symfony\Component\HttpFoundation\StreamedResponse->sendContent()
  .\src\Glpi\Kernel\Kernel.php:295                   Symfony\Component\HttpFoundation\Response->send()
  .\public\index.php:73                              Glpi\Kernel\Kernel->sendResponse()

[2026-06-10 16:53:46] glpi.WARNING:   *** User Warning: File ./files/_tmp/6a29969aa381b8.61053580PC-ADM-001.png not found. at Document.php line 1182
  Backtrace :
  .\src\Document.php:1182                            
  .\src\Document.php:248                             Document::moveDocument()
  .\src\CommonDBTM.php:1339                          Document->prepareInputForAdd()
  .\src\Glpi\Api\API.php:1940                        CommonDBTM->add()
  .\src\Glpi\Api\APIRest.php:347                     Glpi\Api\API->createItems()
  .\src\Glpi\Controller\ApiRestController.php:59     Glpi\Api\APIRest->call()
  .\vendor\symfony\http-kernel\HttpKernel.php:101    Glpi\Controller\ApiRestController->Glpi\Controller\{closure}()
  ...ymfony\http-foundation\StreamedResponse.php:106 Symfony\Component\HttpKernel\HttpKernel::Symfony\Component\HttpKernel\{closure}()
  .\vendor\symfony\http-foundation\Response.php:423  Symfony\Component\HttpFoundation\StreamedResponse->sendContent()
  .\src\Glpi\Kernel\Kernel.php:295                   Symfony\Component\HttpFoundation\Response->send()
  .\public\index.php:73                              Glpi\Kernel\Kernel->sendResponse()

[2026-06-10 16:53:46] glpi.WARNING:   *** User Warning: File ./files/_tmp/6a29969aceeff1.54658872MN-FORM-002.png not found. at Document.php line 1182
  Backtrace :
  .\src\Document.php:1182                            
  .\src\Document.php:248                             Document::moveDocument()
  .\src\CommonDBTM.php:1339                          Document->prepareInputForAdd()
  .\src\Glpi\Api\API.php:1940                        CommonDBTM->add()
  .\src\Glpi\Api\APIRest.php:347                     Glpi\Api\API->createItems()
  .\src\Glpi\Controller\ApiRestController.php:59     Glpi\Api\APIRest->call()
  .\vendor\symfony\http-kernel\HttpKernel.php:101    Glpi\Controller\ApiRestController->Glpi\Controller\{closure}()
  ...ymfony\http-foundation\StreamedResponse.php:106 Symfony\Component\HttpKernel\HttpKernel::Symfony\Component\HttpKernel\{closure}()
  .\vendor\symfony\http-foundation\Response.php:423  Symfony\Component\HttpFoundation\StreamedResponse->sendContent()
  .\src\Glpi\Kernel\Kernel.php:295                   Symfony\Component\HttpFoundation\Response->send()
  .\public\index.php:73                              Glpi\Kernel\Kernel->sendResponse()

[2026-06-10 16:53:47] glpi.WARNING:   *** User Warning: File ./files/_tmp/6a29969b3d7ee2.25792009PC-COMPTA-001.png not found. at Document.php line 1182
  Backtrace :
  .\src\Document.php:1182                            
  .\src\Document.php:248                             Document::moveDocument()
  .\src\CommonDBTM.php:1339                          Document->prepareInputForAdd()
  .\src\Glpi\Api\API.php:1940                        CommonDBTM->add()
  .\src\Glpi\Api\APIRest.php:347                     Glpi\Api\API->createItems()
  .\src\Glpi\Controller\ApiRestController.php:59     Glpi\Api\APIRest->call()
  .\vendor\symfony\http-kernel\HttpKernel.php:101    Glpi\Controller\ApiRestController->Glpi\Controller\{closure}()
  ...ymfony\http-foundation\StreamedResponse.php:106 Symfony\Component\HttpKernel\HttpKernel::Symfony\Component\HttpKernel\{closure}()
  .\vendor\symfony\http-foundation\Response.php:423  Symfony\Component\HttpFoundation\StreamedResponse->sendContent()
  .\src\Glpi\Kernel\Kernel.php:295                   Symfony\Component\HttpFoundation\Response->send()
  .\public\index.php:73                              Glpi\Kernel\Kernel->sendResponse()

